---
source: tests/snapshots.rs
assertion_line: 9
expression: stdout
---
Hello, snapshot!
